2026-03-02 00:08:11	123.45
